  Determining projects to restore...
  All projects are up-to-date for restore.
E:\_DevResources\1. C-Family\C-Sharp\C-Sharp--Projects\WarehouseManagement\Services\CustomerService.cs(36,21): error CS0029: Cannot implicitly convert type 'int' to 'bool' [E:\_DevResources\1. C-Family\C-Sharp\C-Sharp--Projects\WarehouseManagement\WarehouseManagement.csproj]
E:\_DevResources\1. C-Family\C-Sharp\C-Sharp--Projects\WarehouseManagement\Services\SupplierService.cs(36,21): error CS0029: Cannot implicitly convert type 'int' to 'bool' [E:\_DevResources\1. C-Family\C-Sharp\C-Sharp--Projects\WarehouseManagement\WarehouseManagement.csproj]
E:\_DevResources\1. C-Family\C-Sharp\C-Sharp--Projects\WarehouseManagement\Services\InventoryCheckService.cs(53,42): error CS1501: No overload for method 'CreateCheck' takes 2 arguments [E:\_DevResources\1. C-Family\C-Sharp\C-Sharp--Projects\WarehouseManagement\WarehouseManagement.csproj]
E:\_DevResources\1. C-Family\C-Sharp\C-Sharp--Projects\WarehouseManagement\Views\Panels\SuppliersPanel.cs(43,47): error CS0117: 'ButtonStyle' does not contain a definition for 'Primary' [E:\_DevResources\1. C-Family\C-Sharp\C-Sharp--Projects\WarehouseManagement\WarehouseManagement.csproj]
E:\_DevResources\1. C-Family\C-Sharp\C-Sharp--Projects\WarehouseManagement\Views\Panels\CustomersPanel.cs(42,47): error CS0117: 'ButtonStyle' does not contain a definition for 'Primary' [E:\_DevResources\1. C-Family\C-Sharp\C-Sharp--Projects\WarehouseManagement\WarehouseManagement.csproj]
E:\_DevResources\1. C-Family\C-Sharp\C-Sharp--Projects\WarehouseManagement\Views\Forms\CustomerForm.cs(84,47): error CS0117: 'ButtonStyle' does not contain a definition for 'Primary' [E:\_DevResources\1. C-Family\C-Sharp\C-Sharp--Projects\WarehouseManagement\WarehouseManagement.csproj]
E:\_DevResources\1. C-Family\C-Sharp\C-Sharp--Projects\WarehouseManagement\Views\Forms\CustomerForm.cs(95,47): error CS0117: 'ButtonStyle' does not contain a definition for 'Secondary' [E:\_DevResources\1. C-Family\C-Sharp\C-Sharp--Projects\WarehouseManagement\WarehouseManagement.csproj]
E:\_DevResources\1. C-Family\C-Sharp\C-Sharp--Projects\WarehouseManagement\Views\Forms\InventoryCheckForm.cs(83,47): error CS0117: 'ButtonStyle' does not contain a definition for 'Secondary' [E:\_DevResources\1. C-Family\C-Sharp\C-Sharp--Projects\WarehouseManagement\WarehouseManagement.csproj]
E:\_DevResources\1. C-Family\C-Sharp\C-Sharp--Projects\WarehouseManagement\Views\Forms\SupplierForm.cs(84,47): error CS0117: 'ButtonStyle' does not contain a definition for 'Primary' [E:\_DevResources\1. C-Family\C-Sharp\C-Sharp--Projects\WarehouseManagement\WarehouseManagement.csproj]
E:\_DevResources\1. C-Family\C-Sharp\C-Sharp--Projects\WarehouseManagement\Views\Forms\SupplierForm.cs(95,47): error CS0117: 'ButtonStyle' does not contain a definition for 'Secondary' [E:\_DevResources\1. C-Family\C-Sharp\C-Sharp--Projects\WarehouseManagement\WarehouseManagement.csproj]

Build FAILED.

E:\_DevResources\1. C-Family\C-Sharp\C-Sharp--Projects\WarehouseManagement\Services\CustomerService.cs(36,21): error CS0029: Cannot implicitly convert type 'int' to 'bool' [E:\_DevResources\1. C-Family\C-Sharp\C-Sharp--Projects\WarehouseManagement\WarehouseManagement.csproj]
E:\_DevResources\1. C-Family\C-Sharp\C-Sharp--Projects\WarehouseManagement\Services\SupplierService.cs(36,21): error CS0029: Cannot implicitly convert type 'int' to 'bool' [E:\_DevResources\1. C-Family\C-Sharp\C-Sharp--Projects\WarehouseManagement\WarehouseManagement.csproj]
E:\_DevResources\1. C-Family\C-Sharp\C-Sharp--Projects\WarehouseManagement\Services\InventoryCheckService.cs(53,42): error CS1501: No overload for method 'CreateCheck' takes 2 arguments [E:\_DevResources\1. C-Family\C-Sharp\C-Sharp--Projects\WarehouseManagement\WarehouseManagement.csproj]
E:\_DevResources\1. C-Family\C-Sharp\C-Sharp--Projects\WarehouseManagement\Views\Panels\SuppliersPanel.cs(43,47): error CS0117: 'ButtonStyle' does not contain a definition for 'Primary' [E:\_DevResources\1. C-Family\C-Sharp\C-Sharp--Projects\WarehouseManagement\WarehouseManagement.csproj]
E:\_DevResources\1. C-Family\C-Sharp\C-Sharp--Projects\WarehouseManagement\Views\Panels\CustomersPanel.cs(42,47): error CS0117: 'ButtonStyle' does not contain a definition for 'Primary' [E:\_DevResources\1. C-Family\C-Sharp\C-Sharp--Projects\WarehouseManagement\WarehouseManagement.csproj]
E:\_DevResources\1. C-Family\C-Sharp\C-Sharp--Projects\WarehouseManagement\Views\Forms\CustomerForm.cs(84,47): error CS0117: 'ButtonStyle' does not contain a definition for 'Primary' [E:\_DevResources\1. C-Family\C-Sharp\C-Sharp--Projects\WarehouseManagement\WarehouseManagement.csproj]
E:\_DevResources\1. C-Family\C-Sharp\C-Sharp--Projects\WarehouseManagement\Views\Forms\CustomerForm.cs(95,47): error CS0117: 'ButtonStyle' does not contain a definition for 'Secondary' [E:\_DevResources\1. C-Family\C-Sharp\C-Sharp--Projects\WarehouseManagement\WarehouseManagement.csproj]
E:\_DevResources\1. C-Family\C-Sharp\C-Sharp--Projects\WarehouseManagement\Views\Forms\InventoryCheckForm.cs(83,47): error CS0117: 'ButtonStyle' does not contain a definition for 'Secondary' [E:\_DevResources\1. C-Family\C-Sharp\C-Sharp--Projects\WarehouseManagement\WarehouseManagement.csproj]
E:\_DevResources\1. C-Family\C-Sharp\C-Sharp--Projects\WarehouseManagement\Views\Forms\SupplierForm.cs(84,47): error CS0117: 'ButtonStyle' does not contain a definition for 'Primary' [E:\_DevResources\1. C-Family\C-Sharp\C-Sharp--Projects\WarehouseManagement\WarehouseManagement.csproj]
E:\_DevResources\1. C-Family\C-Sharp\C-Sharp--Projects\WarehouseManagement\Views\Forms\SupplierForm.cs(95,47): error CS0117: 'ButtonStyle' does not contain a definition for 'Secondary' [E:\_DevResources\1. C-Family\C-Sharp\C-Sharp--Projects\WarehouseManagement\WarehouseManagement.csproj]
    0 Warning(s)
    10 Error(s)

Time Elapsed 00:00:01.21
